// Jest Snapshot v1, https://goo.gl/fbAQLP

exports[`<RemoveFromCart/> renders and matches snapshot 1`] = `
<button
  className="RemoveFromCart__RemoveButton-emvtd6-0 diGFpc"
  disabled={false}
  onClick={[Function]}
  title="Remove Item"
>
  X
</button>
`;
